<testsuites id="" name="" tests="9" failures="9" skipped="0" errors="0" time="24.432692000000003">
<testsuite name="blogs.spec.ts" timestamp="2025-07-17T12:43:04.620Z" hostname="" tests="1" failures="1" skipped="0" time="0.068" errors="0">
<testcase name="Automate Proejcts naviagtion" classname="blogs.spec.ts" time="0.068">
<failure message="blogs.spec.ts:6:5 Automate Proejcts naviagtion" type="FAILURE">
<![CDATA[  blogs.spec.ts:6:5 › Automate Proejcts naviagtion ─────────────────────────────────────────────────

    Error: browserType.launch: Executable doesn't exist at C:\Users\TECHNIFI\AppData\Local\ms-playwright\chromium_headless_shell-1169\chrome-win\headless_shell.exe
    ╔═════════════════════════════════════════════════════════════════════════╗
    ║ Looks like Playwright Test or Playwright was just installed or updated. ║
    ║ Please run the following command to download new browsers:              ║
    ║                                                                         ║
    ║     npx playwright install                                              ║
    ║                                                                         ║
    ║ <3 Playwright Team                                                      ║
    ╚═════════════════════════════════════════════════════════════════════════╝

    Error Context: ..\test-results\blogs-Automate-Proejcts-naviagtion\error-context.md

    Retry #1 ───────────────────────────────────────────────────────────────────────────────────────

    Error: browserType.launch: Executable doesn't exist at C:\Users\TECHNIFI\AppData\Local\ms-playwright\chromium_headless_shell-1169\chrome-win\headless_shell.exe
    ╔═════════════════════════════════════════════════════════════════════════╗
    ║ Looks like Playwright Test or Playwright was just installed or updated. ║
    ║ Please run the following command to download new browsers:              ║
    ║                                                                         ║
    ║     npx playwright install                                              ║
    ║                                                                         ║
    ║ <3 Playwright Team                                                      ║
    ╚═════════════════════════════════════════════════════════════════════════╝

    Error Context: ..\test-results\blogs-Automate-Proejcts-naviagtion-retry1\error-context.md
]]>
</failure>
<system-out>
<![CDATA[
[[ATTACHMENT|test-results\blogs-Automate-Proejcts-naviagtion\error-context.md]]

[[ATTACHMENT|test-results\blogs-Automate-Proejcts-naviagtion-retry1\error-context.md]]
]]>
</system-out>
</testcase>
</testsuite>
<testsuite name="body.spec.ts" timestamp="2025-07-17T12:43:04.620Z" hostname="" tests="1" failures="1" skipped="0" time="0.125" errors="0">
<testcase name="Homepage should contain legacy branding text" classname="body.spec.ts" time="0.125">
<failure message="body.spec.ts:4:5 Homepage should contain legacy branding text" type="FAILURE">
<![CDATA[  body.spec.ts:4:5 › Homepage should contain legacy branding text ──────────────────────────────────

    Error: browserType.launch: Executable doesn't exist at C:\Users\TECHNIFI\AppData\Local\ms-playwright\chromium_headless_shell-1169\chrome-win\headless_shell.exe
    ╔═════════════════════════════════════════════════════════════════════════╗
    ║ Looks like Playwright Test or Playwright was just installed or updated. ║
    ║ Please run the following command to download new browsers:              ║
    ║                                                                         ║
    ║     npx playwright install                                              ║
    ║                                                                         ║
    ║ <3 Playwright Team                                                      ║
    ╚═════════════════════════════════════════════════════════════════════════╝

    Error Context: ..\test-results\body-Homepage-should-contain-legacy-branding-text\error-context.md

    Retry #1 ───────────────────────────────────────────────────────────────────────────────────────

    Error: browserType.launch: Executable doesn't exist at C:\Users\TECHNIFI\AppData\Local\ms-playwright\chromium_headless_shell-1169\chrome-win\headless_shell.exe
    ╔═════════════════════════════════════════════════════════════════════════╗
    ║ Looks like Playwright Test or Playwright was just installed or updated. ║
    ║ Please run the following command to download new browsers:              ║
    ║                                                                         ║
    ║     npx playwright install                                              ║
    ║                                                                         ║
    ║ <3 Playwright Team                                                      ║
    ╚═════════════════════════════════════════════════════════════════════════╝

    Error Context: ..\test-results\body-Homepage-should-contain-legacy-branding-text-retry1\error-context.md
]]>
</failure>
<system-out>
<![CDATA[
[[ATTACHMENT|test-results\body-Homepage-should-contain-legacy-branding-text\error-context.md]]

[[ATTACHMENT|test-results\body-Homepage-should-contain-legacy-branding-text-retry1\error-context.md]]
]]>
</system-out>
</testcase>
</testsuite>
<testsuite name="contact.spec.ts" timestamp="2025-07-17T12:43:04.620Z" hostname="" tests="1" failures="1" skipped="0" time="0.081" errors="0">
<testcase name="Fill and submit the contact form" classname="contact.spec.ts" time="0.081">
<failure message="contact.spec.ts:10:5 Fill and submit the contact form" type="FAILURE">
<![CDATA[  contact.spec.ts:10:5 › Fill and submit the contact form ──────────────────────────────────────────

    Error: browserType.launch: Executable doesn't exist at C:\Users\TECHNIFI\AppData\Local\ms-playwright\chromium_headless_shell-1169\chrome-win\headless_shell.exe
    ╔═════════════════════════════════════════════════════════════════════════╗
    ║ Looks like Playwright Test or Playwright was just installed or updated. ║
    ║ Please run the following command to download new browsers:              ║
    ║                                                                         ║
    ║     npx playwright install                                              ║
    ║                                                                         ║
    ║ <3 Playwright Team                                                      ║
    ╚═════════════════════════════════════════════════════════════════════════╝

    Error Context: ..\test-results\contact-Fill-and-submit-the-contact-form\error-context.md

    Retry #1 ───────────────────────────────────────────────────────────────────────────────────────

    Error: browserType.launch: Executable doesn't exist at C:\Users\TECHNIFI\AppData\Local\ms-playwright\chromium_headless_shell-1169\chrome-win\headless_shell.exe
    ╔═════════════════════════════════════════════════════════════════════════╗
    ║ Looks like Playwright Test or Playwright was just installed or updated. ║
    ║ Please run the following command to download new browsers:              ║
    ║                                                                         ║
    ║     npx playwright install                                              ║
    ║                                                                         ║
    ║ <3 Playwright Team                                                      ║
    ╚═════════════════════════════════════════════════════════════════════════╝

    Error Context: ..\test-results\contact-Fill-and-submit-the-contact-form-retry1\error-context.md
]]>
</failure>
<system-out>
<![CDATA[
[[ATTACHMENT|test-results\contact-Fill-and-submit-the-contact-form\error-context.md]]

[[ATTACHMENT|test-results\contact-Fill-and-submit-the-contact-form-retry1\error-context.md]]
]]>
</system-out>
</testcase>
</testsuite>
<testsuite name="footer.spec.ts" timestamp="2025-07-17T12:43:04.620Z" hostname="" tests="1" failures="1" skipped="0" time="0.099" errors="0">
<testcase name="Footer navigation verification" classname="footer.spec.ts" time="0.099">
<failure message="footer.spec.ts:3:5 Footer navigation verification" type="FAILURE">
<![CDATA[  footer.spec.ts:3:5 › Footer navigation verification ──────────────────────────────────────────────

    Error: browserType.launch: Executable doesn't exist at C:\Users\TECHNIFI\AppData\Local\ms-playwright\chromium_headless_shell-1169\chrome-win\headless_shell.exe
    ╔═════════════════════════════════════════════════════════════════════════╗
    ║ Looks like Playwright Test or Playwright was just installed or updated. ║
    ║ Please run the following command to download new browsers:              ║
    ║                                                                         ║
    ║     npx playwright install                                              ║
    ║                                                                         ║
    ║ <3 Playwright Team                                                      ║
    ╚═════════════════════════════════════════════════════════════════════════╝

    Error Context: ..\test-results\footer-Footer-navigation-verification\error-context.md

    Retry #1 ───────────────────────────────────────────────────────────────────────────────────────

    Error: browserType.launch: Executable doesn't exist at C:\Users\TECHNIFI\AppData\Local\ms-playwright\chromium_headless_shell-1169\chrome-win\headless_shell.exe
    ╔═════════════════════════════════════════════════════════════════════════╗
    ║ Looks like Playwright Test or Playwright was just installed or updated. ║
    ║ Please run the following command to download new browsers:              ║
    ║                                                                         ║
    ║     npx playwright install                                              ║
    ║                                                                         ║
    ║ <3 Playwright Team                                                      ║
    ╚═════════════════════════════════════════════════════════════════════════╝

    Error Context: ..\test-results\footer-Footer-navigation-verification-retry1\error-context.md
]]>
</failure>
<system-out>
<![CDATA[
[[ATTACHMENT|test-results\footer-Footer-navigation-verification\error-context.md]]

[[ATTACHMENT|test-results\footer-Footer-navigation-verification-retry1\error-context.md]]
]]>
</system-out>
</testcase>
</testsuite>
<testsuite name="header.spec.ts" timestamp="2025-07-17T12:43:04.620Z" hostname="" tests="1" failures="1" skipped="0" time="0.091" errors="0">
<testcase name="navigate through tabs and verify page content" classname="header.spec.ts" time="0.091">
<failure message="header.spec.ts:3:5 navigate through tabs and verify page content" type="FAILURE">
<![CDATA[  header.spec.ts:3:5 › navigate through tabs and verify page content ───────────────────────────────

    Error: browserType.launch: Executable doesn't exist at C:\Users\TECHNIFI\AppData\Local\ms-playwright\chromium_headless_shell-1169\chrome-win\headless_shell.exe
    ╔═════════════════════════════════════════════════════════════════════════╗
    ║ Looks like Playwright Test or Playwright was just installed or updated. ║
    ║ Please run the following command to download new browsers:              ║
    ║                                                                         ║
    ║     npx playwright install                                              ║
    ║                                                                         ║
    ║ <3 Playwright Team                                                      ║
    ╚═════════════════════════════════════════════════════════════════════════╝

    Error Context: ..\test-results\header-navigate-through-tabs-and-verify-page-content\error-context.md

    Retry #1 ───────────────────────────────────────────────────────────────────────────────────────

    Error: browserType.launch: Executable doesn't exist at C:\Users\TECHNIFI\AppData\Local\ms-playwright\chromium_headless_shell-1169\chrome-win\headless_shell.exe
    ╔═════════════════════════════════════════════════════════════════════════╗
    ║ Looks like Playwright Test or Playwright was just installed or updated. ║
    ║ Please run the following command to download new browsers:              ║
    ║                                                                         ║
    ║     npx playwright install                                              ║
    ║                                                                         ║
    ║ <3 Playwright Team                                                      ║
    ╚═════════════════════════════════════════════════════════════════════════╝

    Error Context: ..\test-results\header-navigate-through-tabs-and-verify-page-content-retry1\error-context.md
]]>
</failure>
<system-out>
<![CDATA[
[[ATTACHMENT|test-results\header-navigate-through-tabs-and-verify-page-content\error-context.md]]

[[ATTACHMENT|test-results\header-navigate-through-tabs-and-verify-page-content-retry1\error-context.md]]
]]>
</system-out>
</testcase>
</testsuite>
<testsuite name="industries.spec.ts" timestamp="2025-07-17T12:43:04.620Z" hostname="" tests="1" failures="1" skipped="0" time="0.086" errors="0">
<testcase name="Automate Proejcts naviagtion" classname="industries.spec.ts" time="0.086">
<failure message="industries.spec.ts:6:5 Automate Proejcts naviagtion" type="FAILURE">
<![CDATA[  industries.spec.ts:6:5 › Automate Proejcts naviagtion ────────────────────────────────────────────

    Error: browserType.launch: Executable doesn't exist at C:\Users\TECHNIFI\AppData\Local\ms-playwright\chromium_headless_shell-1169\chrome-win\headless_shell.exe
    ╔═════════════════════════════════════════════════════════════════════════╗
    ║ Looks like Playwright Test or Playwright was just installed or updated. ║
    ║ Please run the following command to download new browsers:              ║
    ║                                                                         ║
    ║     npx playwright install                                              ║
    ║                                                                         ║
    ║ <3 Playwright Team                                                      ║
    ╚═════════════════════════════════════════════════════════════════════════╝

    Error Context: ..\test-results\industries-Automate-Proejcts-naviagtion\error-context.md

    Retry #1 ───────────────────────────────────────────────────────────────────────────────────────

    Error: browserType.launch: Executable doesn't exist at C:\Users\TECHNIFI\AppData\Local\ms-playwright\chromium_headless_shell-1169\chrome-win\headless_shell.exe
    ╔═════════════════════════════════════════════════════════════════════════╗
    ║ Looks like Playwright Test or Playwright was just installed or updated. ║
    ║ Please run the following command to download new browsers:              ║
    ║                                                                         ║
    ║     npx playwright install                                              ║
    ║                                                                         ║
    ║ <3 Playwright Team                                                      ║
    ╚═════════════════════════════════════════════════════════════════════════╝

    Error Context: ..\test-results\industries-Automate-Proejcts-naviagtion-retry1\error-context.md
]]>
</failure>
<system-out>
<![CDATA[
[[ATTACHMENT|test-results\industries-Automate-Proejcts-naviagtion\error-context.md]]

[[ATTACHMENT|test-results\industries-Automate-Proejcts-naviagtion-retry1\error-context.md]]
]]>
</system-out>
</testcase>
</testsuite>
<testsuite name="projects.spec.ts" timestamp="2025-07-17T12:43:04.620Z" hostname="" tests="1" failures="1" skipped="0" time="0.077" errors="0">
<testcase name="Automate Proejcts naviagtion" classname="projects.spec.ts" time="0.077">
<failure message="projects.spec.ts:6:5 Automate Proejcts naviagtion" type="FAILURE">
<![CDATA[  projects.spec.ts:6:5 › Automate Proejcts naviagtion ──────────────────────────────────────────────

    Error: browserType.launch: Executable doesn't exist at C:\Users\TECHNIFI\AppData\Local\ms-playwright\chromium_headless_shell-1169\chrome-win\headless_shell.exe
    ╔═════════════════════════════════════════════════════════════════════════╗
    ║ Looks like Playwright Test or Playwright was just installed or updated. ║
    ║ Please run the following command to download new browsers:              ║
    ║                                                                         ║
    ║     npx playwright install                                              ║
    ║                                                                         ║
    ║ <3 Playwright Team                                                      ║
    ╚═════════════════════════════════════════════════════════════════════════╝

    Error Context: ..\test-results\projects-Automate-Proejcts-naviagtion\error-context.md

    Retry #1 ───────────────────────────────────────────────────────────────────────────────────────

    Error: browserType.launch: Executable doesn't exist at C:\Users\TECHNIFI\AppData\Local\ms-playwright\chromium_headless_shell-1169\chrome-win\headless_shell.exe
    ╔═════════════════════════════════════════════════════════════════════════╗
    ║ Looks like Playwright Test or Playwright was just installed or updated. ║
    ║ Please run the following command to download new browsers:              ║
    ║                                                                         ║
    ║     npx playwright install                                              ║
    ║                                                                         ║
    ║ <3 Playwright Team                                                      ║
    ╚═════════════════════════════════════════════════════════════════════════╝

    Error Context: ..\test-results\projects-Automate-Proejcts-naviagtion-retry1\error-context.md
]]>
</failure>
<system-out>
<![CDATA[
[[ATTACHMENT|test-results\projects-Automate-Proejcts-naviagtion\error-context.md]]

[[ATTACHMENT|test-results\projects-Automate-Proejcts-naviagtion-retry1\error-context.md]]
]]>
</system-out>
</testcase>
</testsuite>
<testsuite name="services.spec.ts" timestamp="2025-07-17T12:43:04.620Z" hostname="" tests="1" failures="1" skipped="0" time="0.079" errors="0">
<testcase name="Automate Proejcts naviagtion" classname="services.spec.ts" time="0.079">
<failure message="services.spec.ts:5:5 Automate Proejcts naviagtion" type="FAILURE">
<![CDATA[  services.spec.ts:5:5 › Automate Proejcts naviagtion ──────────────────────────────────────────────

    Error: browserType.launch: Executable doesn't exist at C:\Users\TECHNIFI\AppData\Local\ms-playwright\chromium_headless_shell-1169\chrome-win\headless_shell.exe
    ╔═════════════════════════════════════════════════════════════════════════╗
    ║ Looks like Playwright Test or Playwright was just installed or updated. ║
    ║ Please run the following command to download new browsers:              ║
    ║                                                                         ║
    ║     npx playwright install                                              ║
    ║                                                                         ║
    ║ <3 Playwright Team                                                      ║
    ╚═════════════════════════════════════════════════════════════════════════╝

    Error Context: ..\test-results\services-Automate-Proejcts-naviagtion\error-context.md

    Retry #1 ───────────────────────────────────────────────────────────────────────────────────────

    Error: browserType.launch: Executable doesn't exist at C:\Users\TECHNIFI\AppData\Local\ms-playwright\chromium_headless_shell-1169\chrome-win\headless_shell.exe
    ╔═════════════════════════════════════════════════════════════════════════╗
    ║ Looks like Playwright Test or Playwright was just installed or updated. ║
    ║ Please run the following command to download new browsers:              ║
    ║                                                                         ║
    ║     npx playwright install                                              ║
    ║                                                                         ║
    ║ <3 Playwright Team                                                      ║
    ╚═════════════════════════════════════════════════════════════════════════╝

    Error Context: ..\test-results\services-Automate-Proejcts-naviagtion-retry1\error-context.md
]]>
</failure>
<system-out>
<![CDATA[
[[ATTACHMENT|test-results\services-Automate-Proejcts-naviagtion\error-context.md]]

[[ATTACHMENT|test-results\services-Automate-Proejcts-naviagtion-retry1\error-context.md]]
]]>
</system-out>
</testcase>
</testsuite>
<testsuite name="test.spec.ts" timestamp="2025-07-17T12:43:04.620Z" hostname="" tests="1" failures="1" skipped="0" time="0.053" errors="0">
<testcase name="TC01 -- navigate through tabs and verify page content" classname="test.spec.ts" time="0.053">
<failure message="test.spec.ts:3:5 TC01 -- navigate through tabs and verify page content" type="FAILURE">
<![CDATA[  test.spec.ts:3:5 › TC01 -- navigate through tabs and verify page content ─────────────────────────

    Error: browserType.launch: Executable doesn't exist at C:\Users\TECHNIFI\AppData\Local\ms-playwright\chromium_headless_shell-1169\chrome-win\headless_shell.exe
    ╔═════════════════════════════════════════════════════════════════════════╗
    ║ Looks like Playwright Test or Playwright was just installed or updated. ║
    ║ Please run the following command to download new browsers:              ║
    ║                                                                         ║
    ║     npx playwright install                                              ║
    ║                                                                         ║
    ║ <3 Playwright Team                                                      ║
    ╚═════════════════════════════════════════════════════════════════════════╝

    Error Context: ..\test-results\test-TC01----navigate-through-tabs-and-verify-page-content\error-context.md

    Retry #1 ───────────────────────────────────────────────────────────────────────────────────────

    Error: browserType.launch: Executable doesn't exist at C:\Users\TECHNIFI\AppData\Local\ms-playwright\chromium_headless_shell-1169\chrome-win\headless_shell.exe
    ╔═════════════════════════════════════════════════════════════════════════╗
    ║ Looks like Playwright Test or Playwright was just installed or updated. ║
    ║ Please run the following command to download new browsers:              ║
    ║                                                                         ║
    ║     npx playwright install                                              ║
    ║                                                                         ║
    ║ <3 Playwright Team                                                      ║
    ╚═════════════════════════════════════════════════════════════════════════╝

    Error Context: ..\test-results\test-TC01----navigate-through-tabs-and-verify-page-content-retry1\error-context.md
]]>
</failure>
<system-out>
<![CDATA[
[[ATTACHMENT|test-results\test-TC01----navigate-through-tabs-and-verify-page-content\error-context.md]]

[[ATTACHMENT|test-results\test-TC01----navigate-through-tabs-and-verify-page-content-retry1\error-context.md]]
]]>
</system-out>
</testcase>
</testsuite>
</testsuites>